// Jest Snapshot v1, https://goo.gl/fbAQLP

exports[`Image renders correctly using default props 1`] = `
.c0 {
  width: 324px;
  height: 288px;
  padding: 28.8px 16.2px 28.8px 16.2px;
}

.c1 {
  width: 100%;
  height: 100%;
  background-position: center center;
  background-repeat: no-repeat;
  background-size: cover;
  background-image: url(/img/stock/1.jpg);
  -webkit-transition: all 0.5s;
  transition: all 0.5s;
}

<div
  class="c0"
  data-testid="container"
>
  <div
    class="c1"
    data-testid="image"
  />
</div>
`;
